// Jest Snapshot v1, https://goo.gl/fbAQLP

exports[`TransparentButton renders the component correctly 1`] = `
<button
  className="button"
>
  FooBarBaz
</button>
`;
