// Jest Snapshot v1, https://goo.gl/fbAQLP

exports[`Heading renders the component correctly 1`] = `
<h1
  className="heading foo"
>
  FooBarBaz
</h1>
`;
