// Jest Snapshot v1, https://goo.gl/fbAQLP

exports[`UnstyledLink rendering renders the component correctly 1`] = `
<div
  className="link"
  to="./page"
>
  Foo
</div>
`;
