// Jest Snapshot v1, https://goo.gl/fbAQLP

exports[`Button renders the component correctly 1`] = `
<button
  className="button foo"
>
  FooBarBaz
</button>
`;
