// Jest Snapshot v1, https://goo.gl/fbAQLP

exports[`LinkButton rendering renders the component correctly 1`] = `
<LinkButton
  external={false}
  link="./page"
  scrollToTop={true}
>
  <Button
    className={undefined}
  >
    Foo
  </Button>
</LinkButton>
`;
