// Jest Snapshot v1, https://goo.gl/fbAQLP

exports[`Card renders the component correctly 1`] = `
<section
  className="card"
>
  <div
    className="cardInner foo"
  >
    <p>
      Foo
    </p>
    <p>
      bar
    </p>
  </div>
</section>
`;
